Analysis & Synthesis report for P1
Mon Apr 12 21:02:42 2021
Quartus Prime Version 20.1.0 Build 711 06/05/2020 SJ Lite Edition


---------------------
; Table of Contents ;
---------------------
  1. Legal Notice
  2. Analysis & Synthesis Summary
  3. Analysis & Synthesis Settings
  4. Parallel Compilation
  5. Analysis & Synthesis Source Files Read
  6. Analysis & Synthesis Resource Usage Summary
  7. Analysis & Synthesis Resource Utilization by Entity
  8. Analysis & Synthesis DSP Block Usage Summary
  9. Registers Removed During Synthesis
 10. General Register Statistics
 11. Multiplexer Restructuring Statistics (Restructuring Performed)
 12. Parameter Settings for Inferred Entity Instance: shapeselector:ss1|lpm_mult:Mult0
 13. Parameter Settings for Inferred Entity Instance: shapeselector:ss1|lpm_mult:Mult1
 14. Parameter Settings for Inferred Entity Instance: shapeselector:ss1|lpm_mult:Mult7
 15. Parameter Settings for Inferred Entity Instance: shapeselector:ss1|lpm_mult:Mult6
 16. Parameter Settings for Inferred Entity Instance: shapeselector:ss1|lpm_mult:Mult5
 17. Parameter Settings for Inferred Entity Instance: shapeselector:ss1|lpm_mult:Mult4
 18. Parameter Settings for Inferred Entity Instance: shapeselector:ss1|lpm_mult:Mult2
 19. Parameter Settings for Inferred Entity Instance: shapeselector:ss1|lpm_mult:Mult3
 20. lpm_mult Parameter Settings by Entity Instance
 21. Port Connectivity Checks: "DisplayDecoder:d0"
 22. Port Connectivity Checks: "DisplayDecoder:d1"
 23. Port Connectivity Checks: "DisplayDecoder:d2"
 24. Port Connectivity Checks: "render:r1"
 25. Post-Synthesis Netlist Statistics for Top Partition
 26. Elapsed Time Per Partition
 27. Analysis & Synthesis Messages
 28. Analysis & Synthesis Suppressed Messages



----------------
; Legal Notice ;
----------------
Copyright (C) 2020  Intel Corporation. All rights reserved.
Your use of Intel Corporation's design tools, logic functions 
and other software and tools, and any partner logic 
functions, and any output files from any of the foregoing 
(including device programming or simulation files), and any 
associated documentation or information are expressly subject 
to the terms and conditions of the Intel Program License 
Subscription Agreement, the Intel Quartus Prime License Agreement,
the Intel FPGA IP License Agreement, or other applicable license
agreement, including, without limitation, that your use is for
the sole purpose of programming logic devices manufactured by
Intel and sold by Intel or its authorized distributors.  Please
refer to the applicable agreement for further details, at
https://fpgasoftware.intel.com/eula.



+----------------------------------------------------------------------------------+
; Analysis & Synthesis Summary                                                     ;
+------------------------------------+---------------------------------------------+
; Analysis & Synthesis Status        ; Successful - Mon Apr 12 21:02:42 2021       ;
; Quartus Prime Version              ; 20.1.0 Build 711 06/05/2020 SJ Lite Edition ;
; Revision Name                      ; P1                                          ;
; Top-level Entity Name              ; top                                         ;
; Family                             ; MAX 10                                      ;
; Total logic elements               ; 885                                         ;
;     Total combinational functions  ; 885                                         ;
;     Dedicated logic registers      ; 100                                         ;
; Total registers                    ; 100                                         ;
; Total pins                         ; 51                                          ;
; Total virtual pins                 ; 0                                           ;
; Total memory bits                  ; 0                                           ;
; Embedded Multiplier 9-bit elements ; 24                                          ;
; Total PLLs                         ; 0                                           ;
; UFM blocks                         ; 0                                           ;
; ADC blocks                         ; 0                                           ;
+------------------------------------+---------------------------------------------+


+------------------------------------------------------------------------------------------------------------+
; Analysis & Synthesis Settings                                                                              ;
+------------------------------------------------------------------+--------------------+--------------------+
; Option                                                           ; Setting            ; Default Value      ;
+------------------------------------------------------------------+--------------------+--------------------+
; Device                                                           ; 10M50DAF484C6GES   ;                    ;
; Top-level entity name                                            ; top                ; P1                 ;
; Family name                                                      ; MAX 10             ; Cyclone V          ;
; Use smart compilation                                            ; Off                ; Off                ;
; Enable parallel Assembler and Timing Analyzer during compilation ; On                 ; On                 ;
; Enable compact report table                                      ; Off                ; Off                ;
; Restructure Multiplexers                                         ; Auto               ; Auto               ;
; Create Debugging Nodes for IP Cores                              ; Off                ; Off                ;
; Preserve fewer node names                                        ; On                 ; On                 ;
; Intel FPGA IP Evaluation Mode                                    ; Enable             ; Enable             ;
; Verilog Version                                                  ; Verilog_2001       ; Verilog_2001       ;
; VHDL Version                                                     ; VHDL_1993          ; VHDL_1993          ;
; State Machine Processing                                         ; Auto               ; Auto               ;
; Safe State Machine                                               ; Off                ; Off                ;
; Extract Verilog State Machines                                   ; On                 ; On                 ;
; Extract VHDL State Machines                                      ; On                 ; On                 ;
; Ignore Verilog initial constructs                                ; Off                ; Off                ;
; Iteration limit for constant Verilog loops                       ; 5000               ; 5000               ;
; Iteration limit for non-constant Verilog loops                   ; 250                ; 250                ;
; Add Pass-Through Logic to Inferred RAMs                          ; On                 ; On                 ;
; Infer RAMs from Raw Logic                                        ; On                 ; On                 ;
; Parallel Synthesis                                               ; On                 ; On                 ;
; DSP Block Balancing                                              ; Auto               ; Auto               ;
; NOT Gate Push-Back                                               ; On                 ; On                 ;
; Power-Up Don't Care                                              ; On                 ; On                 ;
; Remove Redundant Logic Cells                                     ; Off                ; Off                ;
; Remove Duplicate Registers                                       ; On                 ; On                 ;
; Ignore CARRY Buffers                                             ; Off                ; Off                ;
; Ignore CASCADE Buffers                                           ; Off                ; Off                ;
; Ignore GLOBAL Buffers                                            ; Off                ; Off                ;
; Ignore ROW GLOBAL Buffers                                        ; Off                ; Off                ;
; Ignore LCELL Buffers                                             ; Off                ; Off                ;
; Ignore SOFT Buffers                                              ; On                 ; On                 ;
; Limit AHDL Integers to 32 Bits                                   ; Off                ; Off                ;
; Optimization Technique                                           ; Balanced           ; Balanced           ;
; Carry Chain Length                                               ; 70                 ; 70                 ;
; Auto Carry Chains                                                ; On                 ; On                 ;
; Auto Open-Drain Pins                                             ; On                 ; On                 ;
; Perform WYSIWYG Primitive Resynthesis                            ; Off                ; Off                ;
; Auto ROM Replacement                                             ; On                 ; On                 ;
; Auto RAM Replacement                                             ; On                 ; On                 ;
; Auto DSP Block Replacement                                       ; On                 ; On                 ;
; Auto Shift Register Replacement                                  ; Auto               ; Auto               ;
; Allow Shift Register Merging across Hierarchies                  ; Auto               ; Auto               ;
; Auto Clock Enable Replacement                                    ; On                 ; On                 ;
; Strict RAM Replacement                                           ; Off                ; Off                ;
; Allow Synchronous Control Signals                                ; On                 ; On                 ;
; Force Use of Synchronous Clear Signals                           ; Off                ; Off                ;
; Auto RAM Block Balancing                                         ; On                 ; On                 ;
; Auto RAM to Logic Cell Conversion                                ; Off                ; Off                ;
; Auto Resource Sharing                                            ; Off                ; Off                ;
; Allow Any RAM Size For Recognition                               ; Off                ; Off                ;
; Allow Any ROM Size For Recognition                               ; Off                ; Off                ;
; Allow Any Shift Register Size For Recognition                    ; Off                ; Off                ;
; Use LogicLock Constraints during Resource Balancing              ; On                 ; On                 ;
; Ignore translate_off and synthesis_off directives                ; Off                ; Off                ;
; Timing-Driven Synthesis                                          ; On                 ; On                 ;
; Report Parameter Settings                                        ; On                 ; On                 ;
; Report Source Assignments                                        ; On                 ; On                 ;
; Report Connectivity Checks                                       ; On                 ; On                 ;
; Ignore Maximum Fan-Out Assignments                               ; Off                ; Off                ;
; Synchronization Register Chain Length                            ; 2                  ; 2                  ;
; Power Optimization During Synthesis                              ; Normal compilation ; Normal compilation ;
; HDL message level                                                ; Level2             ; Level2             ;
; Suppress Register Optimization Related Messages                  ; Off                ; Off                ;
; Number of Removed Registers Reported in Synthesis Report         ; 5000               ; 5000               ;
; Number of Swept Nodes Reported in Synthesis Report               ; 5000               ; 5000               ;
; Number of Inverted Registers Reported in Synthesis Report        ; 100                ; 100                ;
; Clock MUX Protection                                             ; On                 ; On                 ;
; Auto Gated Clock Conversion                                      ; Off                ; Off                ;
; Block Design Naming                                              ; Auto               ; Auto               ;
; SDC constraint protection                                        ; Off                ; Off                ;
; Synthesis Effort                                                 ; Auto               ; Auto               ;
; Shift Register Replacement - Allow Asynchronous Clear Signal     ; On                 ; On                 ;
; Pre-Mapping Resynthesis Optimization                             ; Off                ; Off                ;
; Analysis & Synthesis Message Level                               ; Medium             ; Medium             ;
; Disable Register Merging Across Hierarchies                      ; Auto               ; Auto               ;
; Resource Aware Inference For Block RAM                           ; On                 ; On                 ;
+------------------------------------------------------------------+--------------------+--------------------+


+------------------------------------------+
; Parallel Compilation                     ;
+----------------------------+-------------+
; Processors                 ; Number      ;
+----------------------------+-------------+
; Number detected on machine ; 4           ;
; Maximum allowed            ; 2           ;
;                            ;             ;
; Average used               ; 1.00        ;
; Maximum used               ; 2           ;
;                            ;             ;
; Usage by Processor         ; % Time Used ;
;     Processor 1            ; 100.0%      ;
;     Processor 2            ;   0.0%      ;
+----------------------------+-------------+


+------------------------------------------------------------------------------------------------------------------------------------------------------------------------------+
; Analysis & Synthesis Source Files Read                                                                                                                                       ;
+----------------------------------+-----------------+------------------------------+--------------------------------------------------------------------------------+---------+
; File Name with User-Entered Path ; Used in Netlist ; File Type                    ; File Name with Absolute Path                                                   ; Library ;
+----------------------------------+-----------------+------------------------------+--------------------------------------------------------------------------------+---------+
; top.v                            ; yes             ; User Verilog HDL File        ; C:/intelFPGA_lite/20.1/project/FinalP1/P1/top.v                                ;         ;
; render.v                         ; yes             ; User Verilog HDL File        ; C:/intelFPGA_lite/20.1/project/FinalP1/P1/render.v                             ;         ;
; sync.v                           ; yes             ; User Verilog HDL File        ; C:/intelFPGA_lite/20.1/project/FinalP1/P1/sync.v                               ;         ;
; shapeselector.v                  ; yes             ; User Verilog HDL File        ; C:/intelFPGA_lite/20.1/project/FinalP1/P1/shapeselector.v                      ;         ;
; lpm_mult.tdf                     ; yes             ; Megafunction                 ; c:/intelfpga_lite/20.1/quartus/libraries/megafunctions/lpm_mult.tdf            ;         ;
; aglobal201.inc                   ; yes             ; Megafunction                 ; c:/intelfpga_lite/20.1/quartus/libraries/megafunctions/aglobal201.inc          ;         ;
; lpm_add_sub.inc                  ; yes             ; Megafunction                 ; c:/intelfpga_lite/20.1/quartus/libraries/megafunctions/lpm_add_sub.inc         ;         ;
; multcore.inc                     ; yes             ; Megafunction                 ; c:/intelfpga_lite/20.1/quartus/libraries/megafunctions/multcore.inc            ;         ;
; bypassff.inc                     ; yes             ; Megafunction                 ; c:/intelfpga_lite/20.1/quartus/libraries/megafunctions/bypassff.inc            ;         ;
; altshift.inc                     ; yes             ; Megafunction                 ; c:/intelfpga_lite/20.1/quartus/libraries/megafunctions/altshift.inc            ;         ;
; db/mult_fgs.tdf                  ; yes             ; Auto-Generated Megafunction  ; C:/intelFPGA_lite/20.1/project/FinalP1/P1/db/mult_fgs.tdf                      ;         ;
; db/mult_0qs.tdf                  ; yes             ; Auto-Generated Megafunction  ; C:/intelFPGA_lite/20.1/project/FinalP1/P1/db/mult_0qs.tdf                      ;         ;
; db/mult_9rs.tdf                  ; yes             ; Auto-Generated Megafunction  ; C:/intelFPGA_lite/20.1/project/FinalP1/P1/db/mult_9rs.tdf                      ;         ;
; multcore.tdf                     ; yes             ; Megafunction                 ; c:/intelfpga_lite/20.1/quartus/libraries/megafunctions/multcore.tdf            ;         ;
; csa_add.inc                      ; yes             ; Megafunction                 ; c:/intelfpga_lite/20.1/quartus/libraries/megafunctions/csa_add.inc             ;         ;
; mpar_add.inc                     ; yes             ; Megafunction                 ; c:/intelfpga_lite/20.1/quartus/libraries/megafunctions/mpar_add.inc            ;         ;
; muleabz.inc                      ; yes             ; Megafunction                 ; c:/intelfpga_lite/20.1/quartus/libraries/megafunctions/muleabz.inc             ;         ;
; mul_lfrg.inc                     ; yes             ; Megafunction                 ; c:/intelfpga_lite/20.1/quartus/libraries/megafunctions/mul_lfrg.inc            ;         ;
; mul_boothc.inc                   ; yes             ; Megafunction                 ; c:/intelfpga_lite/20.1/quartus/libraries/megafunctions/mul_boothc.inc          ;         ;
; alt_ded_mult.inc                 ; yes             ; Megafunction                 ; c:/intelfpga_lite/20.1/quartus/libraries/megafunctions/alt_ded_mult.inc        ;         ;
; alt_ded_mult_y.inc               ; yes             ; Megafunction                 ; c:/intelfpga_lite/20.1/quartus/libraries/megafunctions/alt_ded_mult_y.inc      ;         ;
; dffpipe.inc                      ; yes             ; Megafunction                 ; c:/intelfpga_lite/20.1/quartus/libraries/megafunctions/dffpipe.inc             ;         ;
; mpar_add.tdf                     ; yes             ; Megafunction                 ; c:/intelfpga_lite/20.1/quartus/libraries/megafunctions/mpar_add.tdf            ;         ;
; lpm_add_sub.tdf                  ; yes             ; Megafunction                 ; c:/intelfpga_lite/20.1/quartus/libraries/megafunctions/lpm_add_sub.tdf         ;         ;
; addcore.inc                      ; yes             ; Megafunction                 ; c:/intelfpga_lite/20.1/quartus/libraries/megafunctions/addcore.inc             ;         ;
; look_add.inc                     ; yes             ; Megafunction                 ; c:/intelfpga_lite/20.1/quartus/libraries/megafunctions/look_add.inc            ;         ;
; alt_stratix_add_sub.inc          ; yes             ; Megafunction                 ; c:/intelfpga_lite/20.1/quartus/libraries/megafunctions/alt_stratix_add_sub.inc ;         ;
; db/add_sub_brg.tdf               ; yes             ; Auto-Generated Megafunction  ; C:/intelFPGA_lite/20.1/project/FinalP1/P1/db/add_sub_brg.tdf                   ;         ;
; db/add_sub_frg.tdf               ; yes             ; Auto-Generated Megafunction  ; C:/intelFPGA_lite/20.1/project/FinalP1/P1/db/add_sub_frg.tdf                   ;         ;
; altshift.tdf                     ; yes             ; Megafunction                 ; c:/intelfpga_lite/20.1/quartus/libraries/megafunctions/altshift.tdf            ;         ;
+----------------------------------+-----------------+------------------------------+--------------------------------------------------------------------------------+---------+


+----------------------------------------------------------+
; Analysis & Synthesis Resource Usage Summary              ;
+---------------------------------------------+------------+
; Resource                                    ; Usage      ;
+---------------------------------------------+------------+
; Estimated Total logic elements              ; 885        ;
;                                             ;            ;
; Total combinational functions               ; 885        ;
; Logic element usage by number of LUT inputs ;            ;
;     -- 4 input functions                    ; 146        ;
;     -- 3 input functions                    ; 437        ;
;     -- <=2 input functions                  ; 302        ;
;                                             ;            ;
; Logic elements by mode                      ;            ;
;     -- normal mode                          ; 366        ;
;     -- arithmetic mode                      ; 519        ;
;                                             ;            ;
; Total registers                             ; 100        ;
;     -- Dedicated logic registers            ; 100        ;
;     -- I/O registers                        ; 0          ;
;                                             ;            ;
; I/O pins                                    ; 51         ;
;                                             ;            ;
; Embedded Multiplier 9-bit elements          ; 24         ;
;                                             ;            ;
; Maximum fan-out node                        ; fkey~input ;
; Maximum fan-out                             ; 100        ;
; Total fan-out                               ; 2907       ;
; Average fan-out                             ; 2.62       ;
+---------------------------------------------+------------+


+----------------------------------------------------------------------------------------------------------------------------------------------------------------------------------------------------------------------------------------------------------------------------------------------------------------------------------------------------------------------------------------+
; Analysis & Synthesis Resource Utilization by Entity                                                                                                                                                                                                                                                                                                                                    ;
+---------------------------------------------------+---------------------+---------------------------+-------------+------------+--------------+---------+-----------+------+--------------+------------+-----------------------------------------------------------------------------------------------------------------------------------------------+----------------+--------------+
; Compilation Hierarchy Node                        ; Combinational ALUTs ; Dedicated Logic Registers ; Memory Bits ; UFM Blocks ; DSP Elements ; DSP 9x9 ; DSP 18x18 ; Pins ; Virtual Pins ; ADC blocks ; Full Hierarchy Name                                                                                                                           ; Entity Name    ; Library Name ;
+---------------------------------------------------+---------------------+---------------------------+-------------+------------+--------------+---------+-----------+------+--------------+------------+-----------------------------------------------------------------------------------------------------------------------------------------------+----------------+--------------+
; |top                                              ; 885 (0)             ; 100 (0)                   ; 0           ; 0          ; 24           ; 0       ; 12        ; 51   ; 0            ; 0          ; |top                                                                                                                                          ; top            ; work         ;
;    |DisplayDecoder:d0|                            ; 7 (0)               ; 0 (0)                     ; 0           ; 0          ; 0            ; 0       ; 0         ; 0    ; 0            ; 0          ; |top|DisplayDecoder:d0                                                                                                                        ; DisplayDecoder ; work         ;
;       |hex1:zero|                                 ; 7 (7)               ; 0 (0)                     ; 0           ; 0          ; 0            ; 0       ; 0         ; 0    ; 0            ; 0          ; |top|DisplayDecoder:d0|hex1:zero                                                                                                              ; hex1           ; work         ;
;    |DisplayDecoder:d1|                            ; 7 (0)               ; 0 (0)                     ; 0           ; 0          ; 0            ; 0       ; 0         ; 0    ; 0            ; 0          ; |top|DisplayDecoder:d1                                                                                                                        ; DisplayDecoder ; work         ;
;       |hex1:zero|                                 ; 7 (7)               ; 0 (0)                     ; 0           ; 0          ; 0            ; 0       ; 0         ; 0    ; 0            ; 0          ; |top|DisplayDecoder:d1|hex1:zero                                                                                                              ; hex1           ; work         ;
;    |DisplayDecoder:d2|                            ; 7 (0)               ; 0 (0)                     ; 0           ; 0          ; 0            ; 0       ; 0         ; 0    ; 0            ; 0          ; |top|DisplayDecoder:d2                                                                                                                        ; DisplayDecoder ; work         ;
;       |hex1:zero|                                 ; 7 (7)               ; 0 (0)                     ; 0           ; 0          ; 0            ; 0       ; 0         ; 0    ; 0            ; 0          ; |top|DisplayDecoder:d2|hex1:zero                                                                                                              ; hex1           ; work         ;
;    |render:r1|                                    ; 20 (20)             ; 10 (10)                   ; 0           ; 0          ; 0            ; 0       ; 0         ; 0    ; 0            ; 0          ; |top|render:r1                                                                                                                                ; render         ; work         ;
;    |shapeselector:ss1|                            ; 811 (711)           ; 67 (67)                   ; 0           ; 0          ; 24           ; 0       ; 12        ; 0    ; 0            ; 0          ; |top|shapeselector:ss1                                                                                                                        ; shapeselector  ; work         ;
;       |lpm_mult:Mult0|                            ; 0 (0)               ; 0 (0)                     ; 0           ; 0          ; 2            ; 0       ; 1         ; 0    ; 0            ; 0          ; |top|shapeselector:ss1|lpm_mult:Mult0                                                                                                         ; lpm_mult       ; work         ;
;          |mult_fgs:auto_generated|                ; 0 (0)               ; 0 (0)                     ; 0           ; 0          ; 2            ; 0       ; 1         ; 0    ; 0            ; 0          ; |top|shapeselector:ss1|lpm_mult:Mult0|mult_fgs:auto_generated                                                                                 ; mult_fgs       ; work         ;
;       |lpm_mult:Mult1|                            ; 0 (0)               ; 0 (0)                     ; 0           ; 0          ; 2            ; 0       ; 1         ; 0    ; 0            ; 0          ; |top|shapeselector:ss1|lpm_mult:Mult1                                                                                                         ; lpm_mult       ; work         ;
;          |mult_fgs:auto_generated|                ; 0 (0)               ; 0 (0)                     ; 0           ; 0          ; 2            ; 0       ; 1         ; 0    ; 0            ; 0          ; |top|shapeselector:ss1|lpm_mult:Mult1|mult_fgs:auto_generated                                                                                 ; mult_fgs       ; work         ;
;       |lpm_mult:Mult2|                            ; 14 (0)              ; 0 (0)                     ; 0           ; 0          ; 4            ; 0       ; 2         ; 0    ; 0            ; 0          ; |top|shapeselector:ss1|lpm_mult:Mult2                                                                                                         ; lpm_mult       ; work         ;
;          |mult_0qs:auto_generated|                ; 14 (14)             ; 0 (0)                     ; 0           ; 0          ; 4            ; 0       ; 2         ; 0    ; 0            ; 0          ; |top|shapeselector:ss1|lpm_mult:Mult2|mult_0qs:auto_generated                                                                                 ; mult_0qs       ; work         ;
;       |lpm_mult:Mult3|                            ; 30 (0)              ; 0 (0)                     ; 0           ; 0          ; 0            ; 0       ; 0         ; 0    ; 0            ; 0          ; |top|shapeselector:ss1|lpm_mult:Mult3                                                                                                         ; lpm_mult       ; work         ;
;          |multcore:mult_core|                     ; 30 (14)             ; 0 (0)                     ; 0           ; 0          ; 0            ; 0       ; 0         ; 0    ; 0            ; 0          ; |top|shapeselector:ss1|lpm_mult:Mult3|multcore:mult_core                                                                                      ; multcore       ; work         ;
;             |mpar_add:padder|                     ; 16 (0)              ; 0 (0)                     ; 0           ; 0          ; 0            ; 0       ; 0         ; 0    ; 0            ; 0          ; |top|shapeselector:ss1|lpm_mult:Mult3|multcore:mult_core|mpar_add:padder                                                                      ; mpar_add       ; work         ;
;                |lpm_add_sub:adder[0]|             ; 9 (0)               ; 0 (0)                     ; 0           ; 0          ; 0            ; 0       ; 0         ; 0    ; 0            ; 0          ; |top|shapeselector:ss1|lpm_mult:Mult3|multcore:mult_core|mpar_add:padder|lpm_add_sub:adder[0]                                                 ; lpm_add_sub    ; work         ;
;                   |add_sub_brg:auto_generated|    ; 9 (9)               ; 0 (0)                     ; 0           ; 0          ; 0            ; 0       ; 0         ; 0    ; 0            ; 0          ; |top|shapeselector:ss1|lpm_mult:Mult3|multcore:mult_core|mpar_add:padder|lpm_add_sub:adder[0]|add_sub_brg:auto_generated                      ; add_sub_brg    ; work         ;
;                |mpar_add:sub_par_add|             ; 7 (0)               ; 0 (0)                     ; 0           ; 0          ; 0            ; 0       ; 0         ; 0    ; 0            ; 0          ; |top|shapeselector:ss1|lpm_mult:Mult3|multcore:mult_core|mpar_add:padder|mpar_add:sub_par_add                                                 ; mpar_add       ; work         ;
;                   |lpm_add_sub:adder[0]|          ; 7 (0)               ; 0 (0)                     ; 0           ; 0          ; 0            ; 0       ; 0         ; 0    ; 0            ; 0          ; |top|shapeselector:ss1|lpm_mult:Mult3|multcore:mult_core|mpar_add:padder|mpar_add:sub_par_add|lpm_add_sub:adder[0]                            ; lpm_add_sub    ; work         ;
;                      |add_sub_frg:auto_generated| ; 7 (7)               ; 0 (0)                     ; 0           ; 0          ; 0            ; 0       ; 0         ; 0    ; 0            ; 0          ; |top|shapeselector:ss1|lpm_mult:Mult3|multcore:mult_core|mpar_add:padder|mpar_add:sub_par_add|lpm_add_sub:adder[0]|add_sub_frg:auto_generated ; add_sub_frg    ; work         ;
;       |lpm_mult:Mult4|                            ; 14 (0)              ; 0 (0)                     ; 0           ; 0          ; 4            ; 0       ; 2         ; 0    ; 0            ; 0          ; |top|shapeselector:ss1|lpm_mult:Mult4                                                                                                         ; lpm_mult       ; work         ;
;          |mult_0qs:auto_generated|                ; 14 (14)             ; 0 (0)                     ; 0           ; 0          ; 4            ; 0       ; 2         ; 0    ; 0            ; 0          ; |top|shapeselector:ss1|lpm_mult:Mult4|mult_0qs:auto_generated                                                                                 ; mult_0qs       ; work         ;
;       |lpm_mult:Mult5|                            ; 14 (0)              ; 0 (0)                     ; 0           ; 0          ; 4            ; 0       ; 2         ; 0    ; 0            ; 0          ; |top|shapeselector:ss1|lpm_mult:Mult5                                                                                                         ; lpm_mult       ; work         ;
;          |mult_0qs:auto_generated|                ; 14 (14)             ; 0 (0)                     ; 0           ; 0          ; 4            ; 0       ; 2         ; 0    ; 0            ; 0          ; |top|shapeselector:ss1|lpm_mult:Mult5|mult_0qs:auto_generated                                                                                 ; mult_0qs       ; work         ;
;       |lpm_mult:Mult6|                            ; 14 (0)              ; 0 (0)                     ; 0           ; 0          ; 4            ; 0       ; 2         ; 0    ; 0            ; 0          ; |top|shapeselector:ss1|lpm_mult:Mult6                                                                                                         ; lpm_mult       ; work         ;
;          |mult_9rs:auto_generated|                ; 14 (14)             ; 0 (0)                     ; 0           ; 0          ; 4            ; 0       ; 2         ; 0    ; 0            ; 0          ; |top|shapeselector:ss1|lpm_mult:Mult6|mult_9rs:auto_generated                                                                                 ; mult_9rs       ; work         ;
;       |lpm_mult:Mult7|                            ; 14 (0)              ; 0 (0)                     ; 0           ; 0          ; 4            ; 0       ; 2         ; 0    ; 0            ; 0          ; |top|shapeselector:ss1|lpm_mult:Mult7                                                                                                         ; lpm_mult       ; work         ;
;          |mult_0qs:auto_generated|                ; 14 (14)             ; 0 (0)                     ; 0           ; 0          ; 4            ; 0       ; 2         ; 0    ; 0            ; 0          ; |top|shapeselector:ss1|lpm_mult:Mult7|mult_0qs:auto_generated                                                                                 ; mult_0qs       ; work         ;
;    |sync:v1|                                      ; 33 (33)             ; 23 (23)                   ; 0           ; 0          ; 0            ; 0       ; 0         ; 0    ; 0            ; 0          ; |top|sync:v1                                                                                                                                  ; sync           ; work         ;
+---------------------------------------------------+---------------------+---------------------------+-------------+------------+--------------+---------+-----------+------+--------------+------------+-----------------------------------------------------------------------------------------------------------------------------------------------+----------------+--------------+
Note: For table entries with two numbers listed, the numbers in parentheses indicate the number of resources of the given type used by the specific entity alone. The numbers listed outside of parentheses indicate the total resources of the given type used by the specific entity and all of its sub-entities in the hierarchy.


+-----------------------------------------------------+
; Analysis & Synthesis DSP Block Usage Summary        ;
+---------------------------------------+-------------+
; Statistic                             ; Number Used ;
+---------------------------------------+-------------+
; Simple Multipliers (9-bit)            ; 0           ;
; Simple Multipliers (18-bit)           ; 12          ;
; Embedded Multiplier Blocks            ; --          ;
; Embedded Multiplier 9-bit elements    ; 24          ;
; Signed Embedded Multipliers           ; 2           ;
; Unsigned Embedded Multipliers         ; 10          ;
; Mixed Sign Embedded Multipliers       ; 0           ;
; Variable Sign Embedded Multipliers    ; 0           ;
; Dedicated Input Shift Register Chains ; 0           ;
+---------------------------------------+-------------+
Note: number of Embedded Multiplier Blocks used is only available after a successful fit.


+--------------------------------------------------------------------------+
; Registers Removed During Synthesis                                       ;
+---------------------------------------+----------------------------------+
; Register name                         ; Reason for Removal               ;
+---------------------------------------+----------------------------------+
; render:r1|rgb_reg[7,11]               ; Merged with render:r1|rgb_reg[3] ;
; Total Number of Removed Registers = 2 ;                                  ;
+---------------------------------------+----------------------------------+


+------------------------------------------------------+
; General Register Statistics                          ;
+----------------------------------------------+-------+
; Statistic                                    ; Value ;
+----------------------------------------------+-------+
; Total registers                              ; 100   ;
; Number of registers using Synchronous Clear  ; 20    ;
; Number of registers using Synchronous Load   ; 0     ;
; Number of registers using Asynchronous Clear ; 20    ;
; Number of registers using Asynchronous Load  ; 0     ;
; Number of registers using Clock Enable       ; 10    ;
; Number of registers using Preset             ; 0     ;
+----------------------------------------------+-------+


+--------------------------------------------------------------------------------------------------------------------------------------------------------+
; Multiplexer Restructuring Statistics (Restructuring Performed)                                                                                         ;
+--------------------+-----------+---------------+----------------------+------------------------+------------+------------------------------------------+
; Multiplexer Inputs ; Bus Width ; Baseline Area ; Area if Restructured ; Saving if Restructured ; Registered ; Example Multiplexer Output               ;
+--------------------+-----------+---------------+----------------------+------------------------+------------+------------------------------------------+
; 3:1                ; 64 bits   ; 128 LEs       ; 64 LEs               ; 64 LEs                 ; Yes        ; |top|shapeselector:ss1|fshapecounter[22] ;
; 3:1                ; 32 bits   ; 64 LEs        ; 64 LEs               ; 0 LEs                  ; No         ; |top|shapeselector:ss1|fshapecounter     ;
; 3:1                ; 32 bits   ; 64 LEs        ; 64 LEs               ; 0 LEs                  ; No         ; |top|shapeselector:ss1|bshapecounter     ;
; 5:1                ; 2 bits    ; 6 LEs         ; 4 LEs                ; 2 LEs                  ; No         ; |top|shapeselector:ss1|shapeSel          ;
+--------------------+-----------+---------------+----------------------+------------------------+------------+------------------------------------------+


+-----------------------------------------------------------------------------------+
; Parameter Settings for Inferred Entity Instance: shapeselector:ss1|lpm_mult:Mult0 ;
+------------------------------------------------+----------+-----------------------+
; Parameter Name                                 ; Value    ; Type                  ;
+------------------------------------------------+----------+-----------------------+
; AUTO_CARRY_CHAINS                              ; ON       ; AUTO_CARRY            ;
; IGNORE_CARRY_BUFFERS                           ; OFF      ; IGNORE_CARRY          ;
; AUTO_CASCADE_CHAINS                            ; ON       ; AUTO_CASCADE          ;
; IGNORE_CASCADE_BUFFERS                         ; OFF      ; IGNORE_CASCADE        ;
; LPM_WIDTHA                                     ; 11       ; Untyped               ;
; LPM_WIDTHB                                     ; 11       ; Untyped               ;
; LPM_WIDTHP                                     ; 22       ; Untyped               ;
; LPM_WIDTHR                                     ; 22       ; Untyped               ;
; LPM_WIDTHS                                     ; 1        ; Untyped               ;
; LPM_REPRESENTATION                             ; SIGNED   ; Untyped               ;
; LPM_PIPELINE                                   ; 0        ; Untyped               ;
; LATENCY                                        ; 0        ; Untyped               ;
; INPUT_A_IS_CONSTANT                            ; NO       ; Untyped               ;
; INPUT_B_IS_CONSTANT                            ; NO       ; Untyped               ;
; USE_EAB                                        ; OFF      ; Untyped               ;
; MAXIMIZE_SPEED                                 ; 6        ; Untyped               ;
; DEVICE_FAMILY                                  ; MAX 10   ; Untyped               ;
; CARRY_CHAIN                                    ; MANUAL   ; Untyped               ;
; APEX20K_TECHNOLOGY_MAPPER                      ; LUT      ; TECH_MAPPER_APEX20K   ;
; DEDICATED_MULTIPLIER_CIRCUITRY                 ; AUTO     ; Untyped               ;
; DEDICATED_MULTIPLIER_MIN_INPUT_WIDTH_FOR_AUTO  ; 0        ; Untyped               ;
; DEDICATED_MULTIPLIER_MIN_OUTPUT_WIDTH_FOR_AUTO ; 0        ; Untyped               ;
; CBXI_PARAMETER                                 ; mult_fgs ; Untyped               ;
; INPUT_A_FIXED_VALUE                            ; Bx       ; Untyped               ;
; INPUT_B_FIXED_VALUE                            ; Bx       ; Untyped               ;
; USE_AHDL_IMPLEMENTATION                        ; OFF      ; Untyped               ;
+------------------------------------------------+----------+-----------------------+
Note: In order to hide this table in the UI and the text report file, please set the "Show Parameter Settings in Synthesis Report" option in "Analysis and Synthesis Settings -> More Settings" to "Off".


+-----------------------------------------------------------------------------------+
; Parameter Settings for Inferred Entity Instance: shapeselector:ss1|lpm_mult:Mult1 ;
+------------------------------------------------+----------+-----------------------+
; Parameter Name                                 ; Value    ; Type                  ;
+------------------------------------------------+----------+-----------------------+
; AUTO_CARRY_CHAINS                              ; ON       ; AUTO_CARRY            ;
; IGNORE_CARRY_BUFFERS                           ; OFF      ; IGNORE_CARRY          ;
; AUTO_CASCADE_CHAINS                            ; ON       ; AUTO_CASCADE          ;
; IGNORE_CASCADE_BUFFERS                         ; OFF      ; IGNORE_CASCADE        ;
; LPM_WIDTHA                                     ; 11       ; Untyped               ;
; LPM_WIDTHB                                     ; 11       ; Untyped               ;
; LPM_WIDTHP                                     ; 22       ; Untyped               ;
; LPM_WIDTHR                                     ; 22       ; Untyped               ;
; LPM_WIDTHS                                     ; 1        ; Untyped               ;
; LPM_REPRESENTATION                             ; SIGNED   ; Untyped               ;
; LPM_PIPELINE                                   ; 0        ; Untyped               ;
; LATENCY                                        ; 0        ; Untyped               ;
; INPUT_A_IS_CONSTANT                            ; NO       ; Untyped               ;
; INPUT_B_IS_CONSTANT                            ; NO       ; Untyped               ;
; USE_EAB                                        ; OFF      ; Untyped               ;
; MAXIMIZE_SPEED                                 ; 6        ; Untyped               ;
; DEVICE_FAMILY                                  ; MAX 10   ; Untyped               ;
; CARRY_CHAIN                                    ; MANUAL   ; Untyped               ;
; APEX20K_TECHNOLOGY_MAPPER                      ; LUT      ; TECH_MAPPER_APEX20K   ;
; DEDICATED_MULTIPLIER_CIRCUITRY                 ; AUTO     ; Untyped               ;
; DEDICATED_MULTIPLIER_MIN_INPUT_WIDTH_FOR_AUTO  ; 0        ; Untyped               ;
; DEDICATED_MULTIPLIER_MIN_OUTPUT_WIDTH_FOR_AUTO ; 0        ; Untyped               ;
; CBXI_PARAMETER                                 ; mult_fgs ; Untyped               ;
; INPUT_A_FIXED_VALUE                            ; Bx       ; Untyped               ;
; INPUT_B_FIXED_VALUE                            ; Bx       ; Untyped               ;
; USE_AHDL_IMPLEMENTATION                        ; OFF      ; Untyped               ;
+------------------------------------------------+----------+-----------------------+
Note: In order to hide this table in the UI and the text report file, please set the "Show Parameter Settings in Synthesis Report" option in "Analysis and Synthesis Settings -> More Settings" to "Off".


+-----------------------------------------------------------------------------------+
; Parameter Settings for Inferred Entity Instance: shapeselector:ss1|lpm_mult:Mult7 ;
+------------------------------------------------+----------+-----------------------+
; Parameter Name                                 ; Value    ; Type                  ;
+------------------------------------------------+----------+-----------------------+
; AUTO_CARRY_CHAINS                              ; ON       ; AUTO_CARRY            ;
; IGNORE_CARRY_BUFFERS                           ; OFF      ; IGNORE_CARRY          ;
; AUTO_CASCADE_CHAINS                            ; ON       ; AUTO_CASCADE          ;
; IGNORE_CASCADE_BUFFERS                         ; OFF      ; IGNORE_CASCADE        ;
; LPM_WIDTHA                                     ; 9        ; Untyped               ;
; LPM_WIDTHB                                     ; 32       ; Untyped               ;
; LPM_WIDTHP                                     ; 41       ; Untyped               ;
; LPM_WIDTHR                                     ; 41       ; Untyped               ;
; LPM_WIDTHS                                     ; 1        ; Untyped               ;
; LPM_REPRESENTATION                             ; UNSIGNED ; Untyped               ;
; LPM_PIPELINE                                   ; 0        ; Untyped               ;
; LATENCY                                        ; 0        ; Untyped               ;
; INPUT_A_IS_CONSTANT                            ; YES      ; Untyped               ;
; INPUT_B_IS_CONSTANT                            ; NO       ; Untyped               ;
; USE_EAB                                        ; OFF      ; Untyped               ;
; MAXIMIZE_SPEED                                 ; 5        ; Untyped               ;
; DEVICE_FAMILY                                  ; MAX 10   ; Untyped               ;
; CARRY_CHAIN                                    ; MANUAL   ; Untyped               ;
; APEX20K_TECHNOLOGY_MAPPER                      ; LUT      ; TECH_MAPPER_APEX20K   ;
; DEDICATED_MULTIPLIER_CIRCUITRY                 ; AUTO     ; Untyped               ;
; DEDICATED_MULTIPLIER_MIN_INPUT_WIDTH_FOR_AUTO  ; 0        ; Untyped               ;
; DEDICATED_MULTIPLIER_MIN_OUTPUT_WIDTH_FOR_AUTO ; 0        ; Untyped               ;
; CBXI_PARAMETER                                 ; mult_0qs ; Untyped               ;
; INPUT_A_FIXED_VALUE                            ; Bx       ; Untyped               ;
; INPUT_B_FIXED_VALUE                            ; Bx       ; Untyped               ;
; USE_AHDL_IMPLEMENTATION                        ; OFF      ; Untyped               ;
+------------------------------------------------+----------+-----------------------+
Note: In order to hide this table in the UI and the text report file, please set the "Show Parameter Settings in Synthesis Report" option in "Analysis and Synthesis Settings -> More Settings" to "Off".


+-----------------------------------------------------------------------------------+
; Parameter Settings for Inferred Entity Instance: shapeselector:ss1|lpm_mult:Mult6 ;
+------------------------------------------------+----------+-----------------------+
; Parameter Name                                 ; Value    ; Type                  ;
+------------------------------------------------+----------+-----------------------+
; AUTO_CARRY_CHAINS                              ; ON       ; AUTO_CARRY            ;
; IGNORE_CARRY_BUFFERS                           ; OFF      ; IGNORE_CARRY          ;
; AUTO_CASCADE_CHAINS                            ; ON       ; AUTO_CASCADE          ;
; IGNORE_CASCADE_BUFFERS                         ; OFF      ; IGNORE_CASCADE        ;
; LPM_WIDTHA                                     ; 10       ; Untyped               ;
; LPM_WIDTHB                                     ; 32       ; Untyped               ;
; LPM_WIDTHP                                     ; 42       ; Untyped               ;
; LPM_WIDTHR                                     ; 42       ; Untyped               ;
; LPM_WIDTHS                                     ; 1        ; Untyped               ;
; LPM_REPRESENTATION                             ; UNSIGNED ; Untyped               ;
; LPM_PIPELINE                                   ; 0        ; Untyped               ;
; LATENCY                                        ; 0        ; Untyped               ;
; INPUT_A_IS_CONSTANT                            ; NO       ; Untyped               ;
; INPUT_B_IS_CONSTANT                            ; YES      ; Untyped               ;
; USE_EAB                                        ; OFF      ; Untyped               ;
; MAXIMIZE_SPEED                                 ; 5        ; Untyped               ;
; DEVICE_FAMILY                                  ; MAX 10   ; Untyped               ;
; CARRY_CHAIN                                    ; MANUAL   ; Untyped               ;
; APEX20K_TECHNOLOGY_MAPPER                      ; LUT      ; TECH_MAPPER_APEX20K   ;
; DEDICATED_MULTIPLIER_CIRCUITRY                 ; AUTO     ; Untyped               ;
; DEDICATED_MULTIPLIER_MIN_INPUT_WIDTH_FOR_AUTO  ; 0        ; Untyped               ;
; DEDICATED_MULTIPLIER_MIN_OUTPUT_WIDTH_FOR_AUTO ; 0        ; Untyped               ;
; CBXI_PARAMETER                                 ; mult_9rs ; Untyped               ;
; INPUT_A_FIXED_VALUE                            ; Bx       ; Untyped               ;
; INPUT_B_FIXED_VALUE                            ; Bx       ; Untyped               ;
; USE_AHDL_IMPLEMENTATION                        ; OFF      ; Untyped               ;
+------------------------------------------------+----------+-----------------------+
Note: In order to hide this table in the UI and the text report file, please set the "Show Parameter Settings in Synthesis Report" option in "Analysis and Synthesis Settings -> More Settings" to "Off".


+-----------------------------------------------------------------------------------+
; Parameter Settings for Inferred Entity Instance: shapeselector:ss1|lpm_mult:Mult5 ;
+------------------------------------------------+----------+-----------------------+
; Parameter Name                                 ; Value    ; Type                  ;
+------------------------------------------------+----------+-----------------------+
; AUTO_CARRY_CHAINS                              ; ON       ; AUTO_CARRY            ;
; IGNORE_CARRY_BUFFERS                           ; OFF      ; IGNORE_CARRY          ;
; AUTO_CASCADE_CHAINS                            ; ON       ; AUTO_CASCADE          ;
; IGNORE_CASCADE_BUFFERS                         ; OFF      ; IGNORE_CASCADE        ;
; LPM_WIDTHA                                     ; 9        ; Untyped               ;
; LPM_WIDTHB                                     ; 32       ; Untyped               ;
; LPM_WIDTHP                                     ; 41       ; Untyped               ;
; LPM_WIDTHR                                     ; 41       ; Untyped               ;
; LPM_WIDTHS                                     ; 1        ; Untyped               ;
; LPM_REPRESENTATION                             ; UNSIGNED ; Untyped               ;
; LPM_PIPELINE                                   ; 0        ; Untyped               ;
; LATENCY                                        ; 0        ; Untyped               ;
; INPUT_A_IS_CONSTANT                            ; YES      ; Untyped               ;
; INPUT_B_IS_CONSTANT                            ; NO       ; Untyped               ;
; USE_EAB                                        ; OFF      ; Untyped               ;
; MAXIMIZE_SPEED                                 ; 5        ; Untyped               ;
; DEVICE_FAMILY                                  ; MAX 10   ; Untyped               ;
; CARRY_CHAIN                                    ; MANUAL   ; Untyped               ;
; APEX20K_TECHNOLOGY_MAPPER                      ; LUT      ; TECH_MAPPER_APEX20K   ;
; DEDICATED_MULTIPLIER_CIRCUITRY                 ; AUTO     ; Untyped               ;
; DEDICATED_MULTIPLIER_MIN_INPUT_WIDTH_FOR_AUTO  ; 0        ; Untyped               ;
; DEDICATED_MULTIPLIER_MIN_OUTPUT_WIDTH_FOR_AUTO ; 0        ; Untyped               ;
; CBXI_PARAMETER                                 ; mult_0qs ; Untyped               ;
; INPUT_A_FIXED_VALUE                            ; Bx       ; Untyped               ;
; INPUT_B_FIXED_VALUE                            ; Bx       ; Untyped               ;
; USE_AHDL_IMPLEMENTATION                        ; OFF      ; Untyped               ;
+------------------------------------------------+----------+-----------------------+
Note: In order to hide this table in the UI and the text report file, please set the "Show Parameter Settings in Synthesis Report" option in "Analysis and Synthesis Settings -> More Settings" to "Off".


+-----------------------------------------------------------------------------------+
; Parameter Settings for Inferred Entity Instance: shapeselector:ss1|lpm_mult:Mult4 ;
+------------------------------------------------+----------+-----------------------+
; Parameter Name                                 ; Value    ; Type                  ;
+------------------------------------------------+----------+-----------------------+
; AUTO_CARRY_CHAINS                              ; ON       ; AUTO_CARRY            ;
; IGNORE_CARRY_BUFFERS                           ; OFF      ; IGNORE_CARRY          ;
; AUTO_CASCADE_CHAINS                            ; ON       ; AUTO_CASCADE          ;
; IGNORE_CASCADE_BUFFERS                         ; OFF      ; IGNORE_CASCADE        ;
; LPM_WIDTHA                                     ; 9        ; Untyped               ;
; LPM_WIDTHB                                     ; 32       ; Untyped               ;
; LPM_WIDTHP                                     ; 41       ; Untyped               ;
; LPM_WIDTHR                                     ; 41       ; Untyped               ;
; LPM_WIDTHS                                     ; 1        ; Untyped               ;
; LPM_REPRESENTATION                             ; UNSIGNED ; Untyped               ;
; LPM_PIPELINE                                   ; 0        ; Untyped               ;
; LATENCY                                        ; 0        ; Untyped               ;
; INPUT_A_IS_CONSTANT                            ; YES      ; Untyped               ;
; INPUT_B_IS_CONSTANT                            ; NO       ; Untyped               ;
; USE_EAB                                        ; OFF      ; Untyped               ;
; MAXIMIZE_SPEED                                 ; 5        ; Untyped               ;
; DEVICE_FAMILY                                  ; MAX 10   ; Untyped               ;
; CARRY_CHAIN                                    ; MANUAL   ; Untyped               ;
; APEX20K_TECHNOLOGY_MAPPER                      ; LUT      ; TECH_MAPPER_APEX20K   ;
; DEDICATED_MULTIPLIER_CIRCUITRY                 ; AUTO     ; Untyped               ;
; DEDICATED_MULTIPLIER_MIN_INPUT_WIDTH_FOR_AUTO  ; 0        ; Untyped               ;
; DEDICATED_MULTIPLIER_MIN_OUTPUT_WIDTH_FOR_AUTO ; 0        ; Untyped               ;
; CBXI_PARAMETER                                 ; mult_0qs ; Untyped               ;
; INPUT_A_FIXED_VALUE                            ; Bx       ; Untyped               ;
; INPUT_B_FIXED_VALUE                            ; Bx       ; Untyped               ;
; USE_AHDL_IMPLEMENTATION                        ; OFF      ; Untyped               ;
+------------------------------------------------+----------+-----------------------+
Note: In order to hide this table in the UI and the text report file, please set the "Show Parameter Settings in Synthesis Report" option in "Analysis and Synthesis Settings -> More Settings" to "Off".


+-----------------------------------------------------------------------------------+
; Parameter Settings for Inferred Entity Instance: shapeselector:ss1|lpm_mult:Mult2 ;
+------------------------------------------------+----------+-----------------------+
; Parameter Name                                 ; Value    ; Type                  ;
+------------------------------------------------+----------+-----------------------+
; AUTO_CARRY_CHAINS                              ; ON       ; AUTO_CARRY            ;
; IGNORE_CARRY_BUFFERS                           ; OFF      ; IGNORE_CARRY          ;
; AUTO_CASCADE_CHAINS                            ; ON       ; AUTO_CASCADE          ;
; IGNORE_CASCADE_BUFFERS                         ; OFF      ; IGNORE_CASCADE        ;
; LPM_WIDTHA                                     ; 9        ; Untyped               ;
; LPM_WIDTHB                                     ; 32       ; Untyped               ;
; LPM_WIDTHP                                     ; 41       ; Untyped               ;
; LPM_WIDTHR                                     ; 41       ; Untyped               ;
; LPM_WIDTHS                                     ; 1        ; Untyped               ;
; LPM_REPRESENTATION                             ; UNSIGNED ; Untyped               ;
; LPM_PIPELINE                                   ; 0        ; Untyped               ;
; LATENCY                                        ; 0        ; Untyped               ;
; INPUT_A_IS_CONSTANT                            ; YES      ; Untyped               ;
; INPUT_B_IS_CONSTANT                            ; NO       ; Untyped               ;
; USE_EAB                                        ; OFF      ; Untyped               ;
; MAXIMIZE_SPEED                                 ; 5        ; Untyped               ;
; DEVICE_FAMILY                                  ; MAX 10   ; Untyped               ;
; CARRY_CHAIN                                    ; MANUAL   ; Untyped               ;
; APEX20K_TECHNOLOGY_MAPPER                      ; LUT      ; TECH_MAPPER_APEX20K   ;
; DEDICATED_MULTIPLIER_CIRCUITRY                 ; AUTO     ; Untyped               ;
; DEDICATED_MULTIPLIER_MIN_INPUT_WIDTH_FOR_AUTO  ; 0        ; Untyped               ;
; DEDICATED_MULTIPLIER_MIN_OUTPUT_WIDTH_FOR_AUTO ; 0        ; Untyped               ;
; CBXI_PARAMETER                                 ; mult_0qs ; Untyped               ;
; INPUT_A_FIXED_VALUE                            ; Bx       ; Untyped               ;
; INPUT_B_FIXED_VALUE                            ; Bx       ; Untyped               ;
; USE_AHDL_IMPLEMENTATION                        ; OFF      ; Untyped               ;
+------------------------------------------------+----------+-----------------------+
Note: In order to hide this table in the UI and the text report file, please set the "Show Parameter Settings in Synthesis Report" option in "Analysis and Synthesis Settings -> More Settings" to "Off".


+-----------------------------------------------------------------------------------+
; Parameter Settings for Inferred Entity Instance: shapeselector:ss1|lpm_mult:Mult3 ;
+------------------------------------------------+----------+-----------------------+
; Parameter Name                                 ; Value    ; Type                  ;
+------------------------------------------------+----------+-----------------------+
; AUTO_CARRY_CHAINS                              ; ON       ; AUTO_CARRY            ;
; IGNORE_CARRY_BUFFERS                           ; OFF      ; IGNORE_CARRY          ;
; AUTO_CASCADE_CHAINS                            ; ON       ; AUTO_CASCADE          ;
; IGNORE_CASCADE_BUFFERS                         ; OFF      ; IGNORE_CASCADE        ;
; LPM_WIDTHA                                     ; 10       ; Untyped               ;
; LPM_WIDTHB                                     ; 8        ; Untyped               ;
; LPM_WIDTHP                                     ; 18       ; Untyped               ;
; LPM_WIDTHR                                     ; 18       ; Untyped               ;
; LPM_WIDTHS                                     ; 1        ; Untyped               ;
; LPM_REPRESENTATION                             ; UNSIGNED ; Untyped               ;
; LPM_PIPELINE                                   ; 0        ; Untyped               ;
; LATENCY                                        ; 0        ; Untyped               ;
; INPUT_A_IS_CONSTANT                            ; NO       ; Untyped               ;
; INPUT_B_IS_CONSTANT                            ; YES      ; Untyped               ;
; USE_EAB                                        ; OFF      ; Untyped               ;
; MAXIMIZE_SPEED                                 ; 6        ; Untyped               ;
; DEVICE_FAMILY                                  ; MAX 10   ; Untyped               ;
; CARRY_CHAIN                                    ; MANUAL   ; Untyped               ;
; APEX20K_TECHNOLOGY_MAPPER                      ; LUT      ; TECH_MAPPER_APEX20K   ;
; DEDICATED_MULTIPLIER_CIRCUITRY                 ; AUTO     ; Untyped               ;
; DEDICATED_MULTIPLIER_MIN_INPUT_WIDTH_FOR_AUTO  ; 0        ; Untyped               ;
; DEDICATED_MULTIPLIER_MIN_OUTPUT_WIDTH_FOR_AUTO ; 0        ; Untyped               ;
; CBXI_PARAMETER                                 ; NOTHING  ; Untyped               ;
; INPUT_A_FIXED_VALUE                            ; Bx       ; Untyped               ;
; INPUT_B_FIXED_VALUE                            ; Bx       ; Untyped               ;
; USE_AHDL_IMPLEMENTATION                        ; OFF      ; Untyped               ;
+------------------------------------------------+----------+-----------------------+
Note: In order to hide this table in the UI and the text report file, please set the "Show Parameter Settings in Synthesis Report" option in "Analysis and Synthesis Settings -> More Settings" to "Off".


+--------------------------------------------------------------------------+
; lpm_mult Parameter Settings by Entity Instance                           ;
+---------------------------------------+----------------------------------+
; Name                                  ; Value                            ;
+---------------------------------------+----------------------------------+
; Number of entity instances            ; 8                                ;
; Entity Instance                       ; shapeselector:ss1|lpm_mult:Mult0 ;
;     -- LPM_WIDTHA                     ; 11                               ;
;     -- LPM_WIDTHB                     ; 11                               ;
;     -- LPM_WIDTHP                     ; 22                               ;
;     -- LPM_REPRESENTATION             ; SIGNED                           ;
;     -- INPUT_A_IS_CONSTANT            ; NO                               ;
;     -- INPUT_B_IS_CONSTANT            ; NO                               ;
;     -- USE_EAB                        ; OFF                              ;
;     -- DEDICATED_MULTIPLIER_CIRCUITRY ; AUTO                             ;
;     -- INPUT_A_FIXED_VALUE            ; Bx                               ;
;     -- INPUT_B_FIXED_VALUE            ; Bx                               ;
; Entity Instance                       ; shapeselector:ss1|lpm_mult:Mult1 ;
;     -- LPM_WIDTHA                     ; 11                               ;
;     -- LPM_WIDTHB                     ; 11                               ;
;     -- LPM_WIDTHP                     ; 22                               ;
;     -- LPM_REPRESENTATION             ; SIGNED                           ;
;     -- INPUT_A_IS_CONSTANT            ; NO                               ;
;     -- INPUT_B_IS_CONSTANT            ; NO                               ;
;     -- USE_EAB                        ; OFF                              ;
;     -- DEDICATED_MULTIPLIER_CIRCUITRY ; AUTO                             ;
;     -- INPUT_A_FIXED_VALUE            ; Bx                               ;
;     -- INPUT_B_FIXED_VALUE            ; Bx                               ;
; Entity Instance                       ; shapeselector:ss1|lpm_mult:Mult7 ;
;     -- LPM_WIDTHA                     ; 9                                ;
;     -- LPM_WIDTHB                     ; 32                               ;
;     -- LPM_WIDTHP                     ; 41                               ;
;     -- LPM_REPRESENTATION             ; UNSIGNED                         ;
;     -- INPUT_A_IS_CONSTANT            ; YES                              ;
;     -- INPUT_B_IS_CONSTANT            ; NO                               ;
;     -- USE_EAB                        ; OFF                              ;
;     -- DEDICATED_MULTIPLIER_CIRCUITRY ; AUTO                             ;
;     -- INPUT_A_FIXED_VALUE            ; Bx                               ;
;     -- INPUT_B_FIXED_VALUE            ; Bx                               ;
; Entity Instance                       ; shapeselector:ss1|lpm_mult:Mult6 ;
;     -- LPM_WIDTHA                     ; 10                               ;
;     -- LPM_WIDTHB                     ; 32                               ;
;     -- LPM_WIDTHP                     ; 42                               ;
;     -- LPM_REPRESENTATION             ; UNSIGNED                         ;
;     -- INPUT_A_IS_CONSTANT            ; NO                               ;
;     -- INPUT_B_IS_CONSTANT            ; YES                              ;
;     -- USE_EAB                        ; OFF                              ;
;     -- DEDICATED_MULTIPLIER_CIRCUITRY ; AUTO                             ;
;     -- INPUT_A_FIXED_VALUE            ; Bx                               ;
;     -- INPUT_B_FIXED_VALUE            ; Bx                               ;
; Entity Instance                       ; shapeselector:ss1|lpm_mult:Mult5 ;
;     -- LPM_WIDTHA                     ; 9                                ;
;     -- LPM_WIDTHB                     ; 32                               ;
;     -- LPM_WIDTHP                     ; 41                               ;
;     -- LPM_REPRESENTATION             ; UNSIGNED                         ;
;     -- INPUT_A_IS_CONSTANT            ; YES                              ;
;     -- INPUT_B_IS_CONSTANT            ; NO                               ;
;     -- USE_EAB                        ; OFF                              ;
;     -- DEDICATED_MULTIPLIER_CIRCUITRY ; AUTO                             ;
;     -- INPUT_A_FIXED_VALUE            ; Bx                               ;
;     -- INPUT_B_FIXED_VALUE            ; Bx                               ;
; Entity Instance                       ; shapeselector:ss1|lpm_mult:Mult4 ;
;     -- LPM_WIDTHA                     ; 9                                ;
;     -- LPM_WIDTHB                     ; 32                               ;
;     -- LPM_WIDTHP                     ; 41                               ;
;     -- LPM_REPRESENTATION             ; UNSIGNED                         ;
;     -- INPUT_A_IS_CONSTANT            ; YES                              ;
;     -- INPUT_B_IS_CONSTANT            ; NO                               ;
;     -- USE_EAB                        ; OFF                              ;
;     -- DEDICATED_MULTIPLIER_CIRCUITRY ; AUTO                             ;
;     -- INPUT_A_FIXED_VALUE            ; Bx                               ;
;     -- INPUT_B_FIXED_VALUE            ; Bx                               ;
; Entity Instance                       ; shapeselector:ss1|lpm_mult:Mult2 ;
;     -- LPM_WIDTHA                     ; 9                                ;
;     -- LPM_WIDTHB                     ; 32                               ;
;     -- LPM_WIDTHP                     ; 41                               ;
;     -- LPM_REPRESENTATION             ; UNSIGNED                         ;
;     -- INPUT_A_IS_CONSTANT            ; YES                              ;
;     -- INPUT_B_IS_CONSTANT            ; NO                               ;
;     -- USE_EAB                        ; OFF                              ;
;     -- DEDICATED_MULTIPLIER_CIRCUITRY ; AUTO                             ;
;     -- INPUT_A_FIXED_VALUE            ; Bx                               ;
;     -- INPUT_B_FIXED_VALUE            ; Bx                               ;
; Entity Instance                       ; shapeselector:ss1|lpm_mult:Mult3 ;
;     -- LPM_WIDTHA                     ; 10                               ;
;     -- LPM_WIDTHB                     ; 8                                ;
;     -- LPM_WIDTHP                     ; 18                               ;
;     -- LPM_REPRESENTATION             ; UNSIGNED                         ;
;     -- INPUT_A_IS_CONSTANT            ; NO                               ;
;     -- INPUT_B_IS_CONSTANT            ; YES                              ;
;     -- USE_EAB                        ; OFF                              ;
;     -- DEDICATED_MULTIPLIER_CIRCUITRY ; AUTO                             ;
;     -- INPUT_A_FIXED_VALUE            ; Bx                               ;
;     -- INPUT_B_FIXED_VALUE            ; Bx                               ;
+---------------------------------------+----------------------------------+


+-------------------------------------------------------------------------------------------------------------------------------------------------------------------------------------------------------+
; Port Connectivity Checks: "DisplayDecoder:d0"                                                                                                                                                         ;
+-----------+--------+----------+-----------------------------------------------------------------------------------------------------------------------------------------------------------------------+
; Port      ; Type   ; Severity ; Details                                                                                                                                                               ;
+-----------+--------+----------+-----------------------------------------------------------------------------------------------------------------------------------------------------------------------+
; hex_input ; Input  ; Warning  ; Input port expression (3 bits) is smaller than the input port (4 bits) it drives.  Extra input bit(s) "hex_input[0..0]" will be connected to GND.                     ;
; sevseg    ; Output ; Warning  ; Output or bidir port (7 bits) is smaller than the port expression (8 bits) it drives.  The 1 most-significant bit(s) in the port expression will be connected to GND. ;
+-----------+--------+----------+-----------------------------------------------------------------------------------------------------------------------------------------------------------------------+


+-------------------------------------------------------------------------------------------------------------------------------------------------------------------------------------------------------+
; Port Connectivity Checks: "DisplayDecoder:d1"                                                                                                                                                         ;
+-----------+--------+----------+-----------------------------------------------------------------------------------------------------------------------------------------------------------------------+
; Port      ; Type   ; Severity ; Details                                                                                                                                                               ;
+-----------+--------+----------+-----------------------------------------------------------------------------------------------------------------------------------------------------------------------+
; hex_input ; Input  ; Warning  ; Input port expression (3 bits) is smaller than the input port (4 bits) it drives.  Extra input bit(s) "hex_input[0..0]" will be connected to GND.                     ;
; sevseg    ; Output ; Warning  ; Output or bidir port (7 bits) is smaller than the port expression (8 bits) it drives.  The 1 most-significant bit(s) in the port expression will be connected to GND. ;
+-----------+--------+----------+-----------------------------------------------------------------------------------------------------------------------------------------------------------------------+


+-------------------------------------------------------------------------------------------------------------------------------------------------------------------------------------------------------+
; Port Connectivity Checks: "DisplayDecoder:d2"                                                                                                                                                         ;
+-----------+--------+----------+-----------------------------------------------------------------------------------------------------------------------------------------------------------------------+
; Port      ; Type   ; Severity ; Details                                                                                                                                                               ;
+-----------+--------+----------+-----------------------------------------------------------------------------------------------------------------------------------------------------------------------+
; hex_input ; Input  ; Warning  ; Input port expression (3 bits) is smaller than the input port (4 bits) it drives.  Extra input bit(s) "hex_input[0..0]" will be connected to GND.                     ;
; sevseg    ; Output ; Warning  ; Output or bidir port (7 bits) is smaller than the port expression (8 bits) it drives.  The 1 most-significant bit(s) in the port expression will be connected to GND. ;
+-----------+--------+----------+-----------------------------------------------------------------------------------------------------------------------------------------------------------------------+


+-------------------------------------------------------------------------------------------------------------------------------------------------------------------------+
; Port Connectivity Checks: "render:r1"                                                                                                                                   ;
+-------+-------+----------+----------------------------------------------------------------------------------------------------------------------------------------------+
; Port  ; Type  ; Severity ; Details                                                                                                                                      ;
+-------+-------+----------+----------------------------------------------------------------------------------------------------------------------------------------------+
; reset ; Input ; Warning  ; Declared by entity but not connected by instance. If a default value exists, it will be used.  Otherwise, the port will be connected to GND. ;
; sw    ; Input ; Warning  ; Declared by entity but not connected by instance. If a default value exists, it will be used.  Otherwise, the port will be connected to GND. ;
+-------+-------+----------+----------------------------------------------------------------------------------------------------------------------------------------------+


+-----------------------------------------------------+
; Post-Synthesis Netlist Statistics for Top Partition ;
+-----------------------+-----------------------------+
; Type                  ; Count                       ;
+-----------------------+-----------------------------+
; boundary_port         ; 51                          ;
; cycloneiii_ff         ; 100                         ;
;     CLR SCLR          ; 10                          ;
;     ENA CLR SCLR      ; 10                          ;
;     plain             ; 80                          ;
; cycloneiii_lcell_comb ; 892                         ;
;     arith             ; 519                         ;
;         2 data inputs ; 238                         ;
;         3 data inputs ; 281                         ;
;     normal            ; 373                         ;
;         0 data inputs ; 8                           ;
;         1 data inputs ; 22                          ;
;         2 data inputs ; 41                          ;
;         3 data inputs ; 156                         ;
;         4 data inputs ; 146                         ;
; cycloneiii_mac_mult   ; 12                          ;
; cycloneiii_mac_out    ; 12                          ;
;                       ;                             ;
; Max LUT depth         ; 16.50                       ;
; Average LUT depth     ; 9.63                        ;
+-----------------------+-----------------------------+


+-------------------------------+
; Elapsed Time Per Partition    ;
+----------------+--------------+
; Partition Name ; Elapsed Time ;
+----------------+--------------+
; Top            ; 00:00:02     ;
+----------------+--------------+


+-------------------------------+
; Analysis & Synthesis Messages ;
+-------------------------------+
Info: *******************************************************************
Info: Running Quartus Prime Analysis & Synthesis
    Info: Version 20.1.0 Build 711 06/05/2020 SJ Lite Edition
    Info: Processing started: Mon Apr 12 21:02:24 2021
Info: Command: quartus_map --read_settings_files=on --write_settings_files=off P1 -c P1
Warning (18236): Number of processors has not been specified which may cause overloading on shared machines.  Set the global assignment NUM_PARALLEL_PROCESSORS in your QSF to an appropriate value for best performance.
Info (20030): Parallel compilation is enabled and will use 2 of the 2 processors detected
Info (12021): Found 3 design units, including 3 entities, in source file top.v
    Info (12023): Found entity 1: top File: C:/intelFPGA_lite/20.1/project/FinalP1/P1/top.v Line: 2
    Info (12023): Found entity 2: DisplayDecoder File: C:/intelFPGA_lite/20.1/project/FinalP1/P1/top.v Line: 30
    Info (12023): Found entity 3: hex1 File: C:/intelFPGA_lite/20.1/project/FinalP1/P1/top.v Line: 38
Info (12021): Found 1 design units, including 1 entities, in source file render.v
    Info (12023): Found entity 1: render File: C:/intelFPGA_lite/20.1/project/FinalP1/P1/render.v Line: 2
Info (12021): Found 1 design units, including 1 entities, in source file sync.v
    Info (12023): Found entity 1: sync File: C:/intelFPGA_lite/20.1/project/FinalP1/P1/sync.v Line: 1
Info (12021): Found 1 design units, including 1 entities, in source file shapeselector.v
    Info (12023): Found entity 1: shapeselector File: C:/intelFPGA_lite/20.1/project/FinalP1/P1/shapeselector.v Line: 1
Info (12127): Elaborating entity "top" for the top level hierarchy
Info (12128): Elaborating entity "sync" for hierarchy "sync:v1" File: C:/intelFPGA_lite/20.1/project/FinalP1/P1/top.v Line: 17
Info (12128): Elaborating entity "render" for hierarchy "render:r1" File: C:/intelFPGA_lite/20.1/project/FinalP1/P1/top.v Line: 19
Info (12128): Elaborating entity "shapeselector" for hierarchy "shapeselector:ss1" File: C:/intelFPGA_lite/20.1/project/FinalP1/P1/top.v Line: 21
Warning (10230): Verilog HDL assignment warning at shapeselector.v(63): truncated value with size 32 to match size of target (1) File: C:/intelFPGA_lite/20.1/project/FinalP1/P1/shapeselector.v Line: 63
Warning (10230): Verilog HDL assignment warning at shapeselector.v(65): truncated value with size 32 to match size of target (1) File: C:/intelFPGA_lite/20.1/project/FinalP1/P1/shapeselector.v Line: 65
Info (12128): Elaborating entity "DisplayDecoder" for hierarchy "DisplayDecoder:d2" File: C:/intelFPGA_lite/20.1/project/FinalP1/P1/top.v Line: 23
Info (12128): Elaborating entity "hex1" for hierarchy "DisplayDecoder:d2|hex1:zero" File: C:/intelFPGA_lite/20.1/project/FinalP1/P1/top.v Line: 34
Info (278001): Inferred 8 megafunctions from design logic
    Info (278003): Inferred multiplier megafunction ("lpm_mult") from the following logic: "shapeselector:ss1|Mult0" File: C:/intelFPGA_lite/20.1/project/FinalP1/P1/shapeselector.v Line: 68
    Info (278003): Inferred multiplier megafunction ("lpm_mult") from the following logic: "shapeselector:ss1|Mult1" File: C:/intelFPGA_lite/20.1/project/FinalP1/P1/shapeselector.v Line: 68
    Info (278003): Inferred multiplier megafunction ("lpm_mult") from the following logic: "shapeselector:ss1|Mult7" File: C:/intelFPGA_lite/20.1/project/FinalP1/P1/shapeselector.v Line: 82
    Info (278003): Inferred multiplier megafunction ("lpm_mult") from the following logic: "shapeselector:ss1|Mult6" File: C:/intelFPGA_lite/20.1/project/FinalP1/P1/shapeselector.v Line: 82
    Info (278003): Inferred multiplier megafunction ("lpm_mult") from the following logic: "shapeselector:ss1|Mult5" File: C:/intelFPGA_lite/20.1/project/FinalP1/P1/shapeselector.v Line: 79
    Info (278003): Inferred multiplier megafunction ("lpm_mult") from the following logic: "shapeselector:ss1|Mult4" File: C:/intelFPGA_lite/20.1/project/FinalP1/P1/shapeselector.v Line: 79
    Info (278003): Inferred multiplier megafunction ("lpm_mult") from the following logic: "shapeselector:ss1|Mult2" File: C:/intelFPGA_lite/20.1/project/FinalP1/P1/shapeselector.v Line: 76
    Info (278003): Inferred multiplier megafunction ("lpm_mult") from the following logic: "shapeselector:ss1|Mult3" File: C:/intelFPGA_lite/20.1/project/FinalP1/P1/shapeselector.v Line: 76
Info (12130): Elaborated megafunction instantiation "shapeselector:ss1|lpm_mult:Mult0" File: C:/intelFPGA_lite/20.1/project/FinalP1/P1/shapeselector.v Line: 68
Info (12133): Instantiated megafunction "shapeselector:ss1|lpm_mult:Mult0" with the following parameter: File: C:/intelFPGA_lite/20.1/project/FinalP1/P1/shapeselector.v Line: 68
    Info (12134): Parameter "LPM_WIDTHA" = "11"
    Info (12134): Parameter "LPM_WIDTHB" = "11"
    Info (12134): Parameter "LPM_WIDTHP" = "22"
    Info (12134): Parameter "LPM_WIDTHR" = "22"
    Info (12134): Parameter "LPM_WIDTHS" = "1"
    Info (12134): Parameter "LPM_REPRESENTATION" = "SIGNED"
    Info (12134): Parameter "INPUT_A_IS_CONSTANT" = "NO"
    Info (12134): Parameter "INPUT_B_IS_CONSTANT" = "NO"
    Info (12134): Parameter "MAXIMIZE_SPEED" = "6"
Info (12021): Found 1 design units, including 1 entities, in source file db/mult_fgs.tdf
    Info (12023): Found entity 1: mult_fgs File: C:/intelFPGA_lite/20.1/project/FinalP1/P1/db/mult_fgs.tdf Line: 29
Info (12130): Elaborated megafunction instantiation "shapeselector:ss1|lpm_mult:Mult7" File: C:/intelFPGA_lite/20.1/project/FinalP1/P1/shapeselector.v Line: 82
Info (12133): Instantiated megafunction "shapeselector:ss1|lpm_mult:Mult7" with the following parameter: File: C:/intelFPGA_lite/20.1/project/FinalP1/P1/shapeselector.v Line: 82
    Info (12134): Parameter "LPM_WIDTHA" = "9"
    Info (12134): Parameter "LPM_WIDTHB" = "32"
    Info (12134): Parameter "LPM_WIDTHP" = "41"
    Info (12134): Parameter "LPM_WIDTHR" = "41"
    Info (12134): Parameter "LPM_WIDTHS" = "1"
    Info (12134): Parameter "LPM_REPRESENTATION" = "UNSIGNED"
    Info (12134): Parameter "INPUT_A_IS_CONSTANT" = "YES"
    Info (12134): Parameter "INPUT_B_IS_CONSTANT" = "NO"
    Info (12134): Parameter "MAXIMIZE_SPEED" = "5"
Info (12021): Found 1 design units, including 1 entities, in source file db/mult_0qs.tdf
    Info (12023): Found entity 1: mult_0qs File: C:/intelFPGA_lite/20.1/project/FinalP1/P1/db/mult_0qs.tdf Line: 31
Info (12130): Elaborated megafunction instantiation "shapeselector:ss1|lpm_mult:Mult6" File: C:/intelFPGA_lite/20.1/project/FinalP1/P1/shapeselector.v Line: 82
Info (12133): Instantiated megafunction "shapeselector:ss1|lpm_mult:Mult6" with the following parameter: File: C:/intelFPGA_lite/20.1/project/FinalP1/P1/shapeselector.v Line: 82
    Info (12134): Parameter "LPM_WIDTHA" = "10"
    Info (12134): Parameter "LPM_WIDTHB" = "32"
    Info (12134): Parameter "LPM_WIDTHP" = "42"
    Info (12134): Parameter "LPM_WIDTHR" = "42"
    Info (12134): Parameter "LPM_WIDTHS" = "1"
    Info (12134): Parameter "LPM_REPRESENTATION" = "UNSIGNED"
    Info (12134): Parameter "INPUT_A_IS_CONSTANT" = "NO"
    Info (12134): Parameter "INPUT_B_IS_CONSTANT" = "YES"
    Info (12134): Parameter "MAXIMIZE_SPEED" = "5"
Info (12021): Found 1 design units, including 1 entities, in source file db/mult_9rs.tdf
    Info (12023): Found entity 1: mult_9rs File: C:/intelFPGA_lite/20.1/project/FinalP1/P1/db/mult_9rs.tdf Line: 31
Info (12130): Elaborated megafunction instantiation "shapeselector:ss1|lpm_mult:Mult5" File: C:/intelFPGA_lite/20.1/project/FinalP1/P1/shapeselector.v Line: 79
Info (12133): Instantiated megafunction "shapeselector:ss1|lpm_mult:Mult5" with the following parameter: File: C:/intelFPGA_lite/20.1/project/FinalP1/P1/shapeselector.v Line: 79
    Info (12134): Parameter "LPM_WIDTHA" = "9"
    Info (12134): Parameter "LPM_WIDTHB" = "32"
    Info (12134): Parameter "LPM_WIDTHP" = "41"
    Info (12134): Parameter "LPM_WIDTHR" = "41"
    Info (12134): Parameter "LPM_WIDTHS" = "1"
    Info (12134): Parameter "LPM_REPRESENTATION" = "UNSIGNED"
    Info (12134): Parameter "INPUT_A_IS_CONSTANT" = "YES"
    Info (12134): Parameter "INPUT_B_IS_CONSTANT" = "NO"
    Info (12134): Parameter "MAXIMIZE_SPEED" = "5"
Info (12130): Elaborated megafunction instantiation "shapeselector:ss1|lpm_mult:Mult4" File: C:/intelFPGA_lite/20.1/project/FinalP1/P1/shapeselector.v Line: 79
Info (12133): Instantiated megafunction "shapeselector:ss1|lpm_mult:Mult4" with the following parameter: File: C:/intelFPGA_lite/20.1/project/FinalP1/P1/shapeselector.v Line: 79
    Info (12134): Parameter "LPM_WIDTHA" = "9"
    Info (12134): Parameter "LPM_WIDTHB" = "32"
    Info (12134): Parameter "LPM_WIDTHP" = "41"
    Info (12134): Parameter "LPM_WIDTHR" = "41"
    Info (12134): Parameter "LPM_WIDTHS" = "1"
    Info (12134): Parameter "LPM_REPRESENTATION" = "UNSIGNED"
    Info (12134): Parameter "INPUT_A_IS_CONSTANT" = "YES"
    Info (12134): Parameter "INPUT_B_IS_CONSTANT" = "NO"
    Info (12134): Parameter "MAXIMIZE_SPEED" = "5"
Info (12130): Elaborated megafunction instantiation "shapeselector:ss1|lpm_mult:Mult2" File: C:/intelFPGA_lite/20.1/project/FinalP1/P1/shapeselector.v Line: 76
Info (12133): Instantiated megafunction "shapeselector:ss1|lpm_mult:Mult2" with the following parameter: File: C:/intelFPGA_lite/20.1/project/FinalP1/P1/shapeselector.v Line: 76
    Info (12134): Parameter "LPM_WIDTHA" = "9"
    Info (12134): Parameter "LPM_WIDTHB" = "32"
    Info (12134): Parameter "LPM_WIDTHP" = "41"
    Info (12134): Parameter "LPM_WIDTHR" = "41"
    Info (12134): Parameter "LPM_WIDTHS" = "1"
    Info (12134): Parameter "LPM_REPRESENTATION" = "UNSIGNED"
    Info (12134): Parameter "INPUT_A_IS_CONSTANT" = "YES"
    Info (12134): Parameter "INPUT_B_IS_CONSTANT" = "NO"
    Info (12134): Parameter "MAXIMIZE_SPEED" = "5"
Info (12130): Elaborated megafunction instantiation "shapeselector:ss1|lpm_mult:Mult3" File: C:/intelFPGA_lite/20.1/project/FinalP1/P1/shapeselector.v Line: 76
Info (12133): Instantiated megafunction "shapeselector:ss1|lpm_mult:Mult3" with the following parameter: File: C:/intelFPGA_lite/20.1/project/FinalP1/P1/shapeselector.v Line: 76
    Info (12134): Parameter "LPM_WIDTHA" = "10"
    Info (12134): Parameter "LPM_WIDTHB" = "8"
    Info (12134): Parameter "LPM_WIDTHP" = "18"
    Info (12134): Parameter "LPM_WIDTHR" = "18"
    Info (12134): Parameter "LPM_WIDTHS" = "1"
    Info (12134): Parameter "LPM_REPRESENTATION" = "UNSIGNED"
    Info (12134): Parameter "INPUT_A_IS_CONSTANT" = "NO"
    Info (12134): Parameter "INPUT_B_IS_CONSTANT" = "YES"
    Info (12134): Parameter "MAXIMIZE_SPEED" = "6"
Info (12131): Elaborated megafunction instantiation "shapeselector:ss1|lpm_mult:Mult3|multcore:mult_core", which is child of megafunction instantiation "shapeselector:ss1|lpm_mult:Mult3" File: c:/intelfpga_lite/20.1/quartus/libraries/megafunctions/lpm_mult.tdf Line: 309
Info (12131): Elaborated megafunction instantiation "shapeselector:ss1|lpm_mult:Mult3|multcore:mult_core|mpar_add:padder", which is child of megafunction instantiation "shapeselector:ss1|lpm_mult:Mult3" File: c:/intelfpga_lite/20.1/quartus/libraries/megafunctions/multcore.tdf Line: 229
Info (12131): Elaborated megafunction instantiation "shapeselector:ss1|lpm_mult:Mult3|multcore:mult_core|mpar_add:padder|lpm_add_sub:adder[0]", which is child of megafunction instantiation "shapeselector:ss1|lpm_mult:Mult3" File: c:/intelfpga_lite/20.1/quartus/libraries/megafunctions/mpar_add.tdf Line: 78
Info (12021): Found 1 design units, including 1 entities, in source file db/add_sub_brg.tdf
    Info (12023): Found entity 1: add_sub_brg File: C:/intelFPGA_lite/20.1/project/FinalP1/P1/db/add_sub_brg.tdf Line: 23
Info (12131): Elaborated megafunction instantiation "shapeselector:ss1|lpm_mult:Mult3|multcore:mult_core|mpar_add:padder|mpar_add:sub_par_add", which is child of megafunction instantiation "shapeselector:ss1|lpm_mult:Mult3" File: c:/intelfpga_lite/20.1/quartus/libraries/megafunctions/mpar_add.tdf Line: 138
Info (12131): Elaborated megafunction instantiation "shapeselector:ss1|lpm_mult:Mult3|multcore:mult_core|mpar_add:padder|mpar_add:sub_par_add|lpm_add_sub:adder[0]", which is child of megafunction instantiation "shapeselector:ss1|lpm_mult:Mult3" File: c:/intelfpga_lite/20.1/quartus/libraries/megafunctions/mpar_add.tdf Line: 78
Info (12021): Found 1 design units, including 1 entities, in source file db/add_sub_frg.tdf
    Info (12023): Found entity 1: add_sub_frg File: C:/intelFPGA_lite/20.1/project/FinalP1/P1/db/add_sub_frg.tdf Line: 23
Info (12131): Elaborated megafunction instantiation "shapeselector:ss1|lpm_mult:Mult3|altshift:external_latency_ffs", which is child of megafunction instantiation "shapeselector:ss1|lpm_mult:Mult3" File: c:/intelfpga_lite/20.1/quartus/libraries/megafunctions/lpm_mult.tdf Line: 352
Warning (12241): 4 hierarchies have connectivity warnings - see the Connectivity Checks report folder
Info (13014): Ignored 186 buffer(s)
    Info (13019): Ignored 186 SOFT buffer(s)
Warning (13024): Output pins are stuck at VCC or GND
    Warning (13410): Pin "sevseg0[7]" is stuck at GND File: C:/intelFPGA_lite/20.1/project/FinalP1/P1/top.v Line: 8
    Warning (13410): Pin "sevseg1[7]" is stuck at GND File: C:/intelFPGA_lite/20.1/project/FinalP1/P1/top.v Line: 8
    Warning (13410): Pin "sevseg2[7]" is stuck at GND File: C:/intelFPGA_lite/20.1/project/FinalP1/P1/top.v Line: 8
Info (286030): Timing-Driven Synthesis is running
Info (144001): Generated suppressed messages file C:/intelFPGA_lite/20.1/project/FinalP1/P1/output_files/P1.map.smsg
Info (16010): Generating hard_block partition "hard_block:auto_generated_inst"
    Info (16011): Adding 0 node(s), including 0 DDIO, 0 PLL, 0 transceiver and 0 LCELL
Info (21057): Implemented 962 device resources after synthesis - the final resource count might be different
    Info (21058): Implemented 13 input pins
    Info (21059): Implemented 38 output pins
    Info (21061): Implemented 887 logic cells
    Info (21062): Implemented 24 DSP elements
Info: Quartus Prime Analysis & Synthesis was successful. 0 errors, 8 warnings
    Info: Peak virtual memory: 4759 megabytes
    Info: Processing ended: Mon Apr 12 21:02:42 2021
    Info: Elapsed time: 00:00:18
    Info: Total CPU time (on all processors): 00:00:32


+------------------------------------------+
; Analysis & Synthesis Suppressed Messages ;
+------------------------------------------+
The suppressed messages can be found in C:/intelFPGA_lite/20.1/project/FinalP1/P1/output_files/P1.map.smsg.


